Starting kit application with the following args:  ['/home/delivery/IsaacLab/_isaac_sim/exts/isaacsim.simulation_app/isaacsim/simulation_app/simulation_app.py', '/home/delivery/IsaacLab/_isaac_sim/apps/isaacsim.exp.base.python.kit', '--/app/tokens/exe-path=/home/delivery/IsaacLab/_isaac_sim/kit', '--/persistent/app/viewport/displayOptions=3094', '--/rtx/materialDb/syncLoads=True', '--/rtx/hydra/materialSyncLoads=True', '--/omni.kit.plugin/syncUsdLoads=True', '--/app/renderer/resolution/width=1280', '--/app/renderer/resolution/height=720', '--/app/window/width=1440', '--/app/window/height=900', '--/renderer/multiGpu/enabled=True', '--/app/fastShutdown=True', '--/app/installSignalHandlers=0', '--ext-folder', '/home/delivery/IsaacLab/_isaac_sim/exts', '--ext-folder', '/home/delivery/IsaacLab/_isaac_sim/apps', '--/physics/cudaDevice=0', '--/plugins/carb.tasking.plugin/threadCount=32', '--/plugins/omni.tbb.globalcontrol/maxThreadCount=32', '--portable']
Passing the following args to the base kit application:  []
[Info] [carb] Logging to file: /home/delivery/isaac/isaacsim/kit/logs/Kit/Isaac-Sim Python/5.1/kit_20260512_234650.log
[0.045s] [ext: omni.kit.async_engine-0.0.3] startup
[0.193s] [ext: omni.metrics.core-0.0.3] startup
[0.194s] [ext: omni.client.lib-1.1.0] startup
[0.202s] [ext: omni.blobkey-1.1.2] startup
[0.202s] [ext: omni.stats-1.0.1] startup
[0.203s] [ext: omni.datastore-0.0.0] startup
[0.206s] [ext: omni.client-1.3.0] startup
[0.208s] [ext: omni.ujitso.default-1.0.0] startup
[0.210s] [ext: omni.hsscclient-1.1.2] startup
[0.212s] [ext: omni.gpu_foundation.shadercache.vulkan-1.0.0] startup
[0.214s] [ext: omni.assets.plugins-0.0.0] startup
[0.215s] [ext: omni.gpu_foundation-0.0.0] startup
[0.219s] [ext: carb.windowing.plugins-1.0.0] startup
[0.225s] [ext: omni.kit.renderer.init-0.0.0] startup
2026-05-12T14:46:52Z [2,274ms] [Warning] [gpu.foundation.plugin] Skipping unsupported non-NVIDIA GPU: Intel(R) Graphics (RPL-S)
2026-05-12T14:46:52Z [2,275ms] [Warning] [gpu.foundation.plugin] Skipping unsupported non-NVIDIA GPU: Intel(R) Graphics (RPL-S)

|---------------------------------------------------------------------------------------------|
| Driver Version: 580.126.09    | Graphics API: Vulkan
|=============================================================================================|
| GPU | Name                             | Active | LDA | GPU Memory | Vendor-ID | LUID       |
|     |                                  |        |     |            | Device-ID | UUID       |
|     |                                  |        |     |            | Bus-ID    |            |
|---------------------------------------------------------------------------------------------|
| 0   | NVIDIA GeForce RTX 4090 Laptop.. | Yes: 0 |     | 16376   MB | 10de      | 0          |
|     |                                  |        |     |            | 2757      | 474238ca.. |
|     |                                  |        |     |            | 1         |            |
|---------------------------------------------------------------------------------------------|
| 1   | Intel(R) Graphics (RPL-S)        |        |     | 23871   MB | 8086      | 0          |
|     |                                  |        |     |            | a788      | 868088a7.. |
|     |                                  |        |     |            | 0         |            |
|=============================================================================================|
| OS: 22.04.5 LTS (Jammy Jellyfish) ubuntu, Version: 22.04.5, Kernel: 6.8.0-111-generic
| XServer Vendor: The X.Org Foundation, XServer Version: 12101004 (1.21.1.4)
| Processor: 13th Gen Intel(R) Core(TM) i9-13900HX
| Bare Metal Cores: 24 | Bare Metal Logical Cores: 48
| Available Cores:  32 
|---------------------------------------------------------------------------------------------|
| Total Memory (MB): 31828 | Free Memory: 27006
| Total Page/Swap (MB): 2047 | Free Page/Swap: 2047
|---------------------------------------------------------------------------------------------|
2026-05-12T14:46:52Z [2,512ms] [Warning] [gpu.foundation.plugin] CPU performance profile is set to powersave. This profile sets the CPU to the lowest frequency reducing performance.
2026-05-12T14:46:52Z [2,521ms] [Warning] [gpu.foundation.plugin] IOMMU is enabled.
2026-05-12T14:46:52Z [2,521ms] [Warning] [gpu.foundation.plugin] Detected IOMMU is enabled. Running CUDA peer-to-peer bandwidth and latency validation.
Unidirectional P2P=Enabled Bandwidth (P2P Writes) Matrix (GB/s)
   D\D     0 
     0 389.75 
P2P=Enabled Latency (P2P Writes) Matrix (us)
   GPU     0 
     0   1.82 

   CPU     0 
     0   1.48 
[2.671s] [ext: omni.kit.pipapi-0.0.0] startup
[2.672s] [ext: omni.kit.pip_archive-0.0.0] startup
[2.672s] [ext: omni.pip.compute-1.6.3] startup
[2.672s] [ext: omni.materialx.libs-1.0.7] startup
[2.677s] [ext: omni.pip.cloud-1.4.3] startup
[2.679s] [ext: omni.isaac.core_archive-3.0.0] startup
[2.679s] [ext: omni.usd.config-1.0.6] startup
[2.681s] [ext: omni.gpucompute.plugins-0.0.0] startup
[2.681s] [ext: omni.usd.libs-1.0.1] startup
[2.733s] [ext: omni.kit.telemetry-0.5.2] startup
[2.747s] [ext: omni.mdl-56.0.3] startup
[2.764s] [ext: omni.iray.libs-0.0.0] startup
[2.767s] [ext: omni.mdl.neuraylib-0.2.12] startup
[2.769s] [ext: omni.kit.usd.mdl-1.1.5] startup
[2.840s] [ext: omni.isaac.ml_archive-3.0.4] startup
[2.840s] [ext: omni.kit.loop-isaac-1.3.7] startup
[2.841s] [ext: omni.kit.test-2.0.1] startup
[2.880s] [ext: omni.appwindow-1.1.10] startup
[2.917s] [ext: omni.kit.renderer.core-1.1.0] startup
[3.166s] [ext: omni.kit.renderer.capture-0.0.0] startup
[3.167s] [ext: omni.kit.renderer.imgui-2.0.5] startup
[3.207s] [ext: omni.ui-2.27.1] startup
[3.213s] [ext: omni.kit.mainwindow-1.0.3] startup
[3.213s] [ext: carb.audio-0.1.0] startup
[3.215s] [ext: omni.uiaudio-1.0.0] startup
[3.216s] [ext: omni.kit.uiapp-0.0.0] startup
[3.216s] [ext: omni.usd.schema.metrics.assembler-107.3.1] startup
[3.217s] [ext: omni.usd.schema.audio-0.0.0] startup
[3.219s] [ext: omni.anim.graph.schema-107.3.3] startup
[3.225s] [ext: omni.usd_resolver-1.0.0] startup
[3.227s] [ext: omni.usd.core-1.5.3] startup
[3.229s] [ext: omni.usd.schema.render_settings.rtx-0.0.0] startup
[3.241s] [ext: omni.usd.schema.semantics-0.0.0] startup
[3.242s] [ext: isaacsim.robot.schema-3.6.0] startup
[3.246s] [ext: omni.usd.schema.geospatial-0.0.0] startup
[3.248s] [ext: omni.usd.schema.anim-0.0.0] startup
[3.257s] [ext: omni.kit.window.popup_dialog-2.0.24] startup
[3.259s] [ext: usdrt.scenegraph-7.6.1] startup
[3.280s] [ext: omni.timeline-1.0.14] startup
[3.281s] [ext: omni.resourcemonitor-107.0.1] startup
[3.282s] [ext: omni.activity.core-1.0.3] startup
[3.283s] [ext: omni.kit.widget.nucleus_connector-2.0.1] startup
[3.284s] [ext: omni.hydra.usdrt_delegate-7.5.1] startup
[3.288s] [ext: omni.kit.actions.core-1.0.0] startup
[3.289s] [ext: omni.graph.exec-0.9.6] startup
[3.290s] [ext: omni.kit.commands-1.4.10] startup
[3.292s] [ext: omni.kit.usd_undo-0.1.8] startup
[3.292s] [ext: omni.kit.exec.core-0.13.4] startup
[3.293s] [ext: omni.kit.audiodeviceenum-1.0.2] startup
[3.293s] [ext: omni.hydra.scene_delegate-0.3.4] startup
[3.296s] [ext: omni.usd-1.13.10] startup
[3.311s] [ext: omni.kit.asset_converter-5.0.17] startup
[3.317s] [ext: omni.usd.schema.flow-107.1.1] startup
[3.318s] [ext: omni.usd.schema.omnigraph-1.0.0] startup
[3.321s] [ext: omni.usd.schema.omni_sensors-0.0.0] startup
[3.321s] [ext: omni.anim.navigation.schema-107.3.3] startup
[3.323s] [ext: omni.inspect-1.0.2] startup
[3.324s] [ext: omni.kit.notification_manager-1.0.10] startup
[3.325s] [ext: omni.graph.core-2.184.5] startup
[3.327s] [ext: isaacsim.core.deprecation_manager-0.2.7] startup
[3.327s] [ext: omni.usd.schema.physx-107.3.26] startup
[3.347s] [ext: omni.usd.schema.isaac-3.0.5] startup
[3.347s] [ext: omni.usd.schema.omniscripting-1.0.0] startup
[3.350s] [ext: omni.usd.schema.omni_lens_distortion-0.0.0] startup
[3.350s] [ext: omni.kvdb-107.3.26] startup
[3.351s] [ext: omni.usdphysics-107.3.26] startup
[3.352s] [ext: omni.physx.foundation-107.3.26] startup
[3.353s] [ext: omni.localcache-107.3.26] startup
[3.354s] [ext: omni.convexdecomposition-107.3.26] startup
[3.355s] [ext: omni.physx.cooking-107.3.26] startup
[3.357s] [ext: omni.physx-107.3.26] startup
[3.363s] [ext: omni.physics-107.3.26] startup
[3.365s] [ext: omni.kit.usd.layers-2.2.11] startup
[3.369s] [ext: omni.physics.physx-107.3.26] startup
2026-05-12T14:46:53Z [3,344ms] [Warning] [carb] Acquiring non optional plugin interface which is not listed as dependency: [omni::physx::IPhysxBenchmarks v1.0] (plugin: <default plugin>), by client: omni.physics.physx.plugin. Add it to CARB_PLUGIN_IMPL_DEPS() macro of a client.
[3.370s] [ext: omni.physics.stageupdate-107.3.26] startup
[3.372s] [ext: omni.kit.numpy.common-0.1.3] startup
[3.373s] [ext: isaacsim.core.version-2.0.6] startup
[3.373s] [ext: omni.isaac.dynamic_control-2.0.7] startup
2026-05-12T14:46:53Z [3,349ms] [Warning] [omni.isaac.dynamic_control] omni.isaac.dynamic_control is deprecated as of Isaac Sim 4.5. No action is needed from end-users.
[3.376s] [ext: isaacsim.storage.native-1.5.1] startup
[3.377s] [ext: omni.kit.menu.core-1.1.2] startup
[3.377s] [ext: omni.kit.helper.file_utils-0.1.9] startup
[3.378s] [ext: omni.usd.metrics.assembler-107.3.1] startup
[3.383s] [ext: omni.kit.widget.context_menu-1.2.5] startup
[3.384s] [ext: omni.warp.core-1.8.2] startup
[3.492s] [ext: omni.usd.metrics.assembler.physics-107.3.26] startup
[3.494s] [ext: omni.physics.tensors-107.3.26] startup
[3.497s] [ext: omni.kit.context_menu-1.8.6] startup
[3.498s] [ext: omni.kit.clipboard-1.0.5] startup
[3.498s] [ext: isaacsim.core.utils-3.5.1] startup
[3.500s] [ext: omni.kit.widget.filebrowser-2.12.3] startup
[3.503s] [ext: omni.kit.widget.options_menu-1.1.6] startup
[3.504s] [ext: omni.kit.widget.path_field-2.0.11] startup
[3.504s] [ext: omni.index.libs-380600.8087.0] startup
[3.504s] [ext: omni.ui.scene-1.11.5] startup
[3.507s] [ext: omni.kit.widget.options_button-1.0.3] startup
[3.507s] [ext: omni.kit.widget.browser_bar-2.0.10] startup
[3.508s] [ext: omni.index-1.0.1] startup
[3.508s] [ext: omni.hydra.rtx.shadercache.vulkan-1.0.0] startup
[3.509s] [ext: omni.kit.window.filepicker-2.13.4] startup
[3.516s] [ext: omni.volume-0.5.2] startup
[3.518s] [ext: omni.ujitso.client-0.0.0] startup
[3.518s] [ext: omni.graph.tools-1.79.2] startup
[3.531s] [ext: omni.graph.image.core-0.6.1] startup
[3.531s] [ext: omni.hydra.rtx-1.0.0] startup
2026-05-12T14:46:53Z [3,515ms] [Warning] [omni.log] Source: omni.hydra was already registered.
[3.551s] [ext: omni.kit.window.file_importer-1.1.18] startup
[3.552s] [ext: omni.kit.menu.utils-2.0.5] startup
[3.556s] [ext: omni.graph.image.nodes-1.3.1] startup
[3.557s] [ext: omni.kit.widget.searchable_combobox-1.0.6] startup
[3.558s] [ext: omni.kit.hydra_texture-1.4.6] startup
[3.560s] [ext: omni.kit.material.library-2.0.7] startup
[3.562s] [ext: omni.hydra.engine.stats-1.0.3] startup
[3.564s] [ext: omni.kit.viewport.scene_camera_model-1.0.6] startup
[3.566s] [ext: omni.kit.widget.settings-1.2.6] startup
[3.568s] [ext: omni.kit.viewport.legacy_gizmos-1.0.19] startup
[3.569s] [ext: omni.kit.widget.viewport-107.1.3] startup
[3.571s] [ext: omni.kit.viewport.registry-104.0.6] startup
[3.571s] [ext: omni.kit.raycast.query-1.1.0] startup
[3.574s] [ext: omni.physx.tensors-107.3.26] startup
[3.577s] [ext: omni.kit.window.drop_support-1.0.5] startup
[3.577s] [ext: omni.kit.primitive.mesh-1.0.17] startup
[3.579s] [ext: omni.kit.viewport.window-107.2.0] startup
[3.590s] [ext: omni.kit.window.preferences-1.8.0] startup
[3.592s] [ext: isaacsim.core.simulation_manager-1.4.4] startup
[4.454s] [ext: omni.graph.action_core-1.1.7] startup
[4.455s] [ext: omni.graph-1.141.2] startup
[4.480s] [ext: omni.kit.viewport.utility-1.1.2] startup
[4.480s] [ext: omni.kit.viewport.menubar.core-107.2.1] startup
[4.489s] [ext: isaacsim.core.prims-0.6.1] startup
[4.505s] [ext: omni.graph.action_nodes-1.50.4] startup
[4.507s] [ext: omni.kit.stage_template.core-1.1.22] startup
[4.509s] [ext: omni.syntheticdata-0.6.13] startup
[4.526s] [ext: omni.graph.nodes-1.170.10] startup
[4.536s] [ext: omni.graph.action-1.130.0] startup
[4.536s] [ext: omni.kit.stage_templates-2.0.0] startup
[4.539s] [ext: omni.kit.widget.filter-1.1.4] startup
[4.542s] [ext: omni.kit.widget.graph-2.0.0] startup
[4.550s] [ext: omni.kit.property.adapter.core-1.0.2] startup
[4.571s] [ext: omni.kit.window.file_exporter-1.0.33] startup
[4.576s] [ext: omni.kit.widget.searchfield-1.1.8] startup
[4.582s] [ext: omni.kit.hotkeys.core-1.3.10] startup
[4.584s] [ext: omni.kit.graph.delegate.default-1.2.3] startup
[4.586s] [ext: omni.kit.property.adapter.fabric-1.0.3] startup
[4.589s] [ext: omni.kit.widget.stage-3.1.4] startup
[4.602s] [ext: omni.kit.property.adapter.usd-1.0.2] startup
[4.603s] [ext: omni.kit.graph.editor.core-1.5.3] startup
[4.605s] [ext: omni.kit.widget.material_preview-1.0.16] startup
[4.606s] [ext: omni.kit.widget.highlight_label-1.0.3] startup
[4.607s] [ext: omni.kit.window.file-2.0.5] startup
[4.609s] [ext: omni.kit.window.content_browser_registry-0.0.6] startup
[4.610s] [ext: omni.kit.window.property-1.12.1] startup
[4.612s] [ext: omni.kit.window.content_browser-3.1.3] startup
[4.619s]Warp 1.8.2 initialized:
   CUDA Toolkit 12.8, Driver 13.0
   Devices:
     "cpu"      : "x86_64"
     "cuda:0"   : "NVIDIA GeForce RTX 4090 Laptop GPU" (16 GiB, sm_89, mempool enabled)
   Kernel cache:
     /home/delivery/.cache/warp/1.8.2
Warp DeprecationWarning: The `warp.sim` module is deprecated and will be removed in v1.10. Please transition to using the forthcoming Newton library instead.
 [ext: omni.kit.graph.usd.commands-1.3.1] startup
[4.620s] [ext: omni.kit.property.usd-4.5.12] startup
[4.627s] [ext: omni.graph.ui_nodes-1.50.5] startup
[4.629s] [ext: omni.videoencoding-0.1.2] startup
[4.630s] [ext: omni.kit.window.material_graph-1.9.1] startup
[4.638s] [ext: omni.warp-1.8.2] startup
[4.643s] [ext: isaacsim.core.api-4.8.0] startup
[4.652s] [ext: omni.graph.scriptnode-1.50.0] startup
[4.655s] [ext: isaacsim.test.docstring-1.1.0] startup
[4.659s] [ext: isaacsim.core.experimental.utils-0.3.0] startup
[4.663s] [ext: omni.replicator.core-1.12.27] startup
2026-05-12T14:46:55Z [4,653ms] [Warning] [pxr.Semantics] pxr.Semantics is deprecated - please use Semantics instead
2026-05-12T14:46:55Z [4,750ms] [Warning] [omni.graph.core.plugin] Found duplicate of category 'Replicator' - was 'Annotators', adding 'Fabric Reader'
2026-05-12T14:46:55Z [4,750ms] [Warning] [omni.graph.core.plugin] Category 'Replicator' not accepted on node type 'omni.replicator.core.FabricReader' in extension 'omni.replicator.core'
2026-05-12T14:46:55Z [4,750ms] [Warning] [omni.replicator.core.scripts.extension] No material configuration file, adding configuration to material settings directly.
[4.779s] [ext: isaacsim.core.experimental.prims-0.8.1] startup
[4.813s] [ext: omni.kit.window.extensions-1.4.27] startup
[4.821s] [ext: isaacsim.core.experimental.objects-0.4.0] startup
[4.826s] [ext: omni.ui_query-1.1.8] startup
[4.828s] [ext: omni.kit.manipulator.viewport-107.0.1] startup
[4.830s] [ext: isaacsim.robot.surface_gripper-3.3.1] startup
[4.832s] [ext: omni.kit.ui_test-1.3.7] startup
[4.835s] [ext: omni.graph.visualization.nodes-2.1.3] startup
[4.856s] [ext: isaacsim.robot_motion.lula-4.0.8] startup
[4.867s] [ext: isaacsim.core.nodes-3.4.3] startup
[4.882s] [ext: isaacsim.gui.components-1.2.1] startup
[4.891s] [ext: isaacsim.robot_motion.motion_generation-8.0.26] startup
[4.921s] [ext: isaacsim.robot.manipulators-3.3.6] startup
[4.930s] [ext: isaacsim.core.experimental.materials-0.4.0] startup
[4.940s] [ext: isaacsim.robot.manipulators.examples-1.1.2] startup
[4.944s] [ext: isaacsim.cortex.framework-1.0.12] startup
[4.948s] [ext: isaacsim.cortex.behaviors-2.0.14] startup
[4.953s] [ext: omni.isaac.cortex.sample_behaviors-2.0.5] startup
2026-05-12T14:46:55Z [4,930ms] [Warning] [omni.isaac.cortex] omni.isaac.cortex has been deprecated in favor of isaacsim.cortex.framework. Please update your code accordingly.
2026-05-12T14:46:55Z [4,931ms] [Warning] [omni.isaac.cortex.sample_behaviors] omni.isaac.cortex.sample_behaviors has been deprecated in favor of isaacsim.cortex.behaviors. Please update your code accordingly.
[4.964s] [ext: omni.kit.widget.zoombar-1.0.6] startup
[4.982s] [ext: isaacsim.gui.content_browser-0.1.11] startup
[4.995s] [ext: omni.kit.browser.core-2.3.13] startup
[5.019s] [ext: omni.kit.widget.stage_icons-1.0.8] startup
[5.035s] [ext: omni.kit.widget.prompt-1.0.7] startup
[5.039s] [ext: omni.kit.usd.collect-2.4.5] startup
[5.045s] [ext: omni.kit.browser.folder.core-1.10.9] startup
[5.063s] [ext: omni.kit.window.stage-2.6.1] startup
[5.076s] [ext: omni.kit.usdz_export-1.0.9] startup
[5.081s] [ext: omni.kit.tool.collect-2.2.18] startup
[5.124s] [ext: omni.kit.menu.stage-1.2.7] startup
[5.138s] [ext: omni.kit.tool.asset_importer-4.3.2] startup
[5.184s] [ext: isaacsim.robot.wheeled_robots-4.0.24] startup
[5.242s] [ext: isaacsim.examples.browser-0.2.1] startup
[5.336s] [ext: isaacsim.asset.importer.urdf-2.4.30] startup
[5.434s] [ext: omni.isaac.wheeled_robots-3.0.7] startup
2026-05-12T14:46:55Z [5,409ms] [Warning] [omni.isaac.wheeled_robots] omni.isaac.wheeled_robots has been deprecated in favor of isaacsim.robot.wheeled_robots. Please update your code accordingly.
2026-05-12T14:46:55Z [5,409ms] [Warning] [omni.isaac.wheeled_robots.controllers] omni.isaac.wheeled_robots has been deprecated in favor of isaacsim.robot.wheeled_robots. Please update your code accordingly.
2026-05-12T14:46:55Z [5,409ms] [Warning] [omni.isaac.wheeled_robots.controllers.ackermann_controller] omni.isaac.wheeled_robots has been deprecated in favor of isaacsim.robot.wheeled_robots. Please update your code accordingly.
2026-05-12T14:46:55Z [5,409ms] [Warning] [omni.isaac.wheeled_robots.controllers.differential_controller] omni.isaac.wheeled_robots has been deprecated in favor of isaacsim.robot.wheeled_robots. Please update your code accordingly.
2026-05-12T14:46:55Z [5,409ms] [Warning] [omni.isaac.wheeled_robots.controllers.holonomic_controller] omni.isaac.wheeled_robots has been deprecated in favor of isaacsim.robot.wheeled_robots. Please update your code accordingly.
2026-05-12T14:46:55Z [5,409ms] [Warning] [omni.isaac.wheeled_robots.controllers.quintic_path_planner] omni.isaac.wheeled_robots has been deprecated in favor of isaacsim.robot.wheeled_robots. Please update your code accordingly.
2026-05-12T14:46:55Z [5,410ms] [Warning] [omni.isaac.wheeled_robots.controllers.stanley_control] omni.isaac.wheeled_robots has been deprecated in favor of isaacsim.robot.wheeled_robots. Please update your code accordingly.
2026-05-12T14:46:55Z [5,411ms] [Warning] [omni.isaac.wheeled_robots.controllers.wheel_base_pose_controller] omni.isaac.wheeled_robots has been deprecated in favor of isaacsim.robot.wheeled_robots. Please update your code accordingly.
2026-05-12T14:46:55Z [5,412ms] [Warning] [omni.isaac.wheeled_robots.impl] omni.isaac.wheeled_robots has been deprecated in favor of isaacsim.robot.wheeled_robots. Please update your code accordingly.
2026-05-12T14:46:55Z [5,415ms] [Warning] [omni.isaac.wheeled_robots.robots] omni.isaac.wheeled_robots has been deprecated in favor of isaacsim.robot.wheeled_robots. Please update your code accordingly.
2026-05-12T14:46:55Z [5,415ms] [Warning] [omni.isaac.wheeled_robots.robots.holonomic_robot_usd_setup] omni.isaac.wheeled_robots has been deprecated in favor of isaacsim.robot.wheeled_robots. Please update your code accordingly.
2026-05-12T14:46:55Z [5,415ms] [Warning] [omni.isaac.wheeled_robots.robots.wheeled_robot] omni.isaac.wheeled_robots has been deprecated in favor of isaacsim.robot.wheeled_robots. Please update your code accordingly.
[5.441s] [ext: isaacsim.simulation_app-2.12.2] startup
[5.442s] [ext: omni.isaac.franka-1.0.7] startup
2026-05-12T14:46:55Z [5,417ms] [Warning] [omni.isaac.franka] omni.isaac.franka has been deprecated in favor of isaacsim.robot.manipulators.examples.franka. Please update your code accordingly.
2026-05-12T14:46:55Z [5,417ms] [Warning] [omni.isaac.franka.franka] omni.isaac.franka has been deprecated in favor of isaacsim.robot.manipulators.examples.franka. Please update your code accordingly.
2026-05-12T14:46:55Z [5,429ms] [Warning] [omni.isaac.franka.kinematics_solver] omni.isaac.franka has been deprecated in favor of isaacsim.robot.manipulators.examples.franka. Please update your code accordingly.
[5.455s] [ext: omni.isaac.kit-2.0.6] startup
2026-05-12T14:46:55Z [5,431ms] [Warning] [omni.isaac.kit] omni.isaac.kit has been deprecated in favor of isaacsim.simulation_app. Please update your code accordingly.
[5.457s] [ext: omni.kit.selection-0.1.6] startup
[5.458s] [ext: omni.isaac.lula-4.0.6] startup
2026-05-12T14:46:55Z [5,432ms] [Warning] [omni.isaac.lula] omni.isaac.lula has been deprecated in favor of isaacsim.robot_motion.lula. Please update your code accordingly.
[5.459s] [ext: isaacsim.robot_motion.lula_test_widget-1.0.12] startup
[5.460s] [ext: isaacsim.asset.browser-1.3.23] startup
[5.496s] [ext: omni.kit.viewport.actions-107.0.2] startup
[5.499s] [ext: isaacsim.gui.menu-2.4.4] startup
[5.503s] [ext: omni.isaac.manipulators-3.0.7] startup
2026-05-12T14:46:55Z [5,477ms] [Warning] [omni.isaac.manipulators] omni.isaac.manipulators has been deprecated in favor of isaacsim.robot.manipulators. Please update your code accordingly.
2026-05-12T14:46:55Z [5,478ms] [Warning] [omni.isaac.manipulators.controllers] omni.isaac.manipulators has been deprecated in favor of isaacsim.robot.manipulators. Please update your code accordingly.
2026-05-12T14:46:55Z [5,478ms] [Warning] [omni.isaac.manipulators.controllers.pick_place_controller] omni.isaac.manipulators has been deprecated in favor of isaacsim.robot.manipulators. Please update your code accordingly.
2026-05-12T14:46:55Z [5,479ms] [Warning] [omni.isaac.manipulators.controllers.stacking_controller] omni.isaac.manipulators has been deprecated in favor of isaacsim.robot.manipulators. Please update your code accordingly.
2026-05-12T14:46:55Z [5,479ms] [Warning] [omni.isaac.manipulators.grippers] omni.isaac.manipulators has been deprecated in favor of isaacsim.robot.manipulators. Please update your code accordingly.
2026-05-12T14:46:55Z [5,479ms] [Warning] [omni.isaac.manipulators.grippers.gripper] omni.isaac.manipulators has been deprecated in favor of isaacsim.robot.manipulators. Please update your code accordingly.
2026-05-12T14:46:55Z [5,479ms] [Warning] [omni.isaac.manipulators.grippers.parallel_gripper] omni.isaac.manipulators has been deprecated in favor of isaacsim.robot.manipulators. Please update your code accordingly.
2026-05-12T14:46:55Z [5,479ms] [Warning] [omni.isaac.manipulators.grippers.surface_gripper] omni.isaac.manipulators has been deprecated in favor of isaacsim.robot.manipulators. Please update your code accordingly.
2026-05-12T14:46:55Z [5,480ms] [Warning] [omni.isaac.manipulators.manipulators] omni.isaac.manipulators has been deprecated in favor of isaacsim.robot.manipulators. Please update your code accordingly.
2026-05-12T14:46:55Z [5,480ms] [Warning] [omni.isaac.manipulators.manipulators.single_manipulator] omni.isaac.manipulators has been deprecated in favor of isaacsim.robot.manipulators. Please update your code accordingly.
[5.507s] [ext: omni.isaac.lula_test_widget-1.0.6] startup
2026-05-12T14:46:55Z [5,482ms] [Warning] [omni.isaac.lula_test_widget] omni.isaac.lula_test_widget has been deprecated in favor of isaacsim.robot_motion.lula_test_widget. Please update your code accordingly.
[5.508s] [ext: omni.isaac.asset_browser-1.0.6] startup
2026-05-12T14:46:55Z [5,483ms] [Warning] [omni.isaac.asset_browser] omni.isaac.asset_browser has been deprecated in favor of isaacsim.asset.browser. Please update your code accordingly.
[5.510s] [ext: omni.kit.viewport.menubar.display-107.0.3] startup
[5.514s] [ext: omni.isaac.menu-1.0.6] startup
2026-05-12T14:46:55Z [5,488ms] [Warning] [omni.isaac.menu] omni.isaac.menu has been deprecated in favor of isaacsim.gui.menu. Please update your code accordingly.
[5.515s] [ext: omni.isaac.motion_generation-8.0.7] startup
2026-05-12T14:46:55Z [5,488ms] [Warning] [omni.isaac.motion_generation] omni.isaac.motion_generation has been deprecated in favor of isaacsim.robot_motion.motion_generation. Please update your code accordingly.
2026-05-12T14:46:55Z [5,489ms] [Warning] [omni.isaac.motion_generation.articulation_kinematics_solver] omni.isaac.motion_generation has been deprecated in favor of isaacsim.robot_motion.motion_generation. Please update your code accordingly.
2026-05-12T14:46:55Z [5,490ms] [Warning] [omni.isaac.motion_generation.articulation_motion_policy] omni.isaac.motion_generation has been deprecated in favor of isaacsim.robot_motion.motion_generation. Please update your code accordingly.
2026-05-12T14:46:55Z [5,490ms] [Warning] [omni.isaac.motion_generation.articulation_trajectory] omni.isaac.motion_generation has been deprecated in favor of isaacsim.robot_motion.motion_generation. Please update your code accordingly.
2026-05-12T14:46:55Z [5,491ms] [Warning] [omni.isaac.motion_generation.kinematics_interface] omni.isaac.motion_generation has been deprecated in favor of isaacsim.robot_motion.motion_generation. Please update your code accordingly.
2026-05-12T14:46:55Z [5,491ms] [Warning] [omni.isaac.motion_generation.lula] omni.isaac.motion_generation has been deprecated in favor of isaacsim.robot_motion.motion_generation. Please update your code accordingly.
2026-05-12T14:46:55Z [5,492ms] [Warning] [omni.isaac.motion_generation.lula.kinematics] omni.isaac.motion_generation has been deprecated in favor of isaacsim.robot_motion.motion_generation. Please update your code accordingly.
2026-05-12T14:46:55Z [5,492ms] [Warning] [omni.isaac.motion_generation.lula.motion_policies] omni.isaac.motion_generation has been deprecated in favor of isaacsim.robot_motion.motion_generation. Please update your code accordingly.
2026-05-12T14:46:55Z [5,492ms] [Warning] [omni.isaac.motion_generation.lula.path_planners] omni.isaac.motion_generation has been deprecated in favor of isaacsim.robot_motion.motion_generation. Please update your code accordingly.
2026-05-12T14:46:55Z [5,492ms] [Warning] [omni.isaac.motion_generation.lula.trajectory_generator] omni.isaac.motion_generation has been deprecated in favor of isaacsim.robot_motion.motion_generation. Please update your code accordingly.
2026-05-12T14:46:55Z [5,492ms] [Warning] [omni.isaac.motion_generation.motion_policy_controller] omni.isaac.motion_generation has been deprecated in favor of isaacsim.robot_motion.motion_generation. Please update your code accordingly.
2026-05-12T14:46:55Z [5,492ms] [Warning] [omni.isaac.motion_generation.motion_policy_interface] omni.isaac.motion_generation has been deprecated in favor of isaacsim.robot_motion.motion_generation. Please update your code accordingly.
2026-05-12T14:46:55Z [5,492ms] [Warning] [omni.isaac.motion_generation.path_planner_visualizer] omni.isaac.motion_generation has been deprecated in favor of isaacsim.robot_motion.motion_generation. Please update your code accordingly.
2026-05-12T14:46:55Z [5,492ms] [Warning] [omni.isaac.motion_generation.path_planning_interface] omni.isaac.motion_generation has been deprecated in favor of isaacsim.robot_motion.motion_generation. Please update your code accordingly.
2026-05-12T14:46:55Z [5,492ms] [Warning] [omni.isaac.motion_generation.trajectory] omni.isaac.motion_generation has been deprecated in favor of isaacsim.robot_motion.motion_generation. Please update your code accordingly.
2026-05-12T14:46:55Z [5,492ms] [Warning] [omni.isaac.motion_generation.world_interface] omni.isaac.motion_generation has been deprecated in favor of isaacsim.robot_motion.motion_generation. Please update your code accordingly.
[5.518s] [ext: omni.isaac.assets_check-0.3.13] startup
2026-05-12T14:46:55Z [5,492ms] [Warning] [omni.isaac.assets_check] omni.isaac.assets_check has been deprecated in favor of isaacsim.asset.browser. Please update your code accordingly.
[5.519s] [ext: isaacsim.gui.sensors.icon-2.0.3] startup
[5.529s] [ext: isaacsim.asset.importer.mjcf-2.5.13] startup
[5.534s] [ext: omni.sensors.nv.common-3.0.0] startup
[5.540s] [ext: isaacsim.sensors.physics-0.4.3] startup
[5.544s] [ext: omni.sensors.net-1.0.0] startup
[5.547s] [ext: omni.isaac.nucleus-1.0.6] startup
2026-05-12T14:46:55Z [5,522ms] [Warning] [omni.isaac.nucleus] omni.isaac.nucleus has been deprecated in favor of isaacsim.storage.native. Please update your code accordingly.
2026-05-12T14:46:55Z [5,522ms] [Warning] [omni.isaac.nucleus.nucleus] omni.isaac.nucleus.nucleus has been deprecated in favor of isaacsim.storage.native. Please update your code accordingly.
[5.548s] [ext: omni.sensors.nv.materials-2.0.0] startup
[5.551s] [ext: isaacsim.robot.policy.examples-4.1.11] startup
[5.552s] [ext: omni.sensors.nv.wpm-3.0.0] startup
[5.555s] [ext: omni.sensors.nv.lidar-3.0.0] startup
[5.560s] [ext: isaacsim.util.debug_draw-3.1.0] startup
[5.563s] [ext: omni.sensors.nv.radar-3.0.0] startup
[5.565s] [ext: omni.sensors.nv.ids-2.0.0] startup
[5.566s] [ext: isaacsim.core.cloner-1.4.10] startup
[5.568s] [ext: isaacsim.sensors.physx-2.3.2] startup
[5.571s] [ext: isaacsim.sensors.rtx-15.8.4] startup
[5.577s] [ext: isaacsim.sensors.camera-1.3.6] startup
[5.582s] [ext: omni.isaac.quadruped-3.0.7] startup
2026-05-12T14:46:55Z [5,556ms] [Warning] [omni.isaac.quadruped] omni.isaac.quadruped has been deprecated in favor of isaacsim.robot.policy.examples. Please update your code accordingly.
[5.584s] [ext: omni.isaac.cloner-1.0.7] startup
2026-05-12T14:46:55Z [5,559ms] [Warning] [omni.isaac.cloner] omni.isaac.cloner has been deprecated in favor of isaacsim.core.cloner. Please update your code accordingly.
[5.589s] [ext: omni.isaac.range_sensor-4.0.6] startup
2026-05-12T14:46:55Z [5,566ms] [Warning] [omni.isaac.range_sensor] omni.isaac.range_sensor has been deprecated in favor of isaacsim.sensors.physx. Please update your code accordingly.
2026-05-12T14:46:55Z [5,566ms] [Warning] [omni.isaac.range_sensor.commands] omni.isaac.range_sensor.commands has been deprecated in favor of isaacsim.sensors.physx.commands. Please update your code accordingly.
[5.594s] [ext: omni.isaac.sensor-13.0.7] startup
2026-05-12T14:46:55Z [5,570ms] [Warning] [omni.isaac.sensor] omni.isaac.sensor has been deprecated in favor of isaacsim.sensors.camera, isaacsim.sensors.physics, isaacsim.sensors.physx, and isaacsim.sensors.rtx. Please update your code accordingly.
2026-05-12T14:46:55Z [5,570ms] [Warning] [omni.isaac.sensor.camera] omni.isaac.sensor.camera has been deprecated in favor of isaacsim.sensors.camera.camera. Please update your code accordingly.
2026-05-12T14:46:55Z [5,570ms] [Warning] [omni.isaac.sensor.camera_view] omni.isaac.sensor.camera_view has been deprecated in favor of isaacsim.sensors.camera.camera_view. Please update your code accordingly.
2026-05-12T14:46:55Z [5,572ms] [Warning] [omni.isaac.sensor.commands] omni.isaac.sensor.commands has been deprecated in favor of isaacsim.sensors.physics.commands, isaacsim.sensors.physx.commands, and isaacsim.sensors.rtx.commands. Please update your code accordingly.
2026-05-12T14:46:55Z [5,572ms] [Warning] [omni.isaac.sensor.contact_sensor] omni.isaac.sensor.contact_sensor has been deprecated in favor of isaacsim.sensors.physics.contact_sensor. Please update your code accordingly.
2026-05-12T14:46:55Z [5,572ms] [Warning] [omni.isaac.sensor.imu_sensor] omni.isaac.sensor.imu_sensor has been deprecated in favor of isaacsim.sensors.physics.imu_sensor. Please update your code accordingly.
2026-05-12T14:46:55Z [5,572ms] [Warning] [omni.isaac.sensor.lidar_rtx] omni.isaac.sensor.lidar_rtx has been deprecated in favor of isaacsim.sensors.rtx.lidar_rtx. Please update your code accordingly.
2026-05-12T14:46:55Z [5,572ms] [Warning] [omni.isaac.sensor.rotating_lidar_physX] omni.isaac.sensor.imu_sensor has been deprecated in favor of isaacsim.sensors.physix.rotating_lidar_physX. Please update your code accordingly.
2026-05-12T14:46:55Z [5,573ms] [Warning] [omni.isaac.sensor.scripts.samples.contact_sensor] omni.isaac.sensor.scripts.samples.contact_sensor has been deprecated in favor of isaacsim.sensors.physics.scripts.samples.contact_sensor. Please update your code accordingly.
2026-05-12T14:46:55Z [5,573ms] [Warning] [omni.isaac.sensor.scripts.samples.imu_sensor] omni.isaac.sensor.scripts.samples.imu_sensor has been deprecated in favor of isaacsim.sensors.physics.scripts.samples.imu_sensor. Please update your code accordingly.
2026-05-12T14:46:55Z [5,573ms] [Warning] [omni.isaac.sensor.scripts.samples.lightbeam_sensor] omni.isaac.sensor.scripts.samples.lightbeam_sensor has been deprecated in favor of isaacsim.sensors.physx.scripts.samples.lightbeam_sensor. Please update your code accordingly.
[5.599s] [ext: omni.kit.menu.create-2.0.1] startup
[5.602s] [ext: omni.kit.widget.toolbar-2.0.1] startup
[5.618s] [ext: omni.kit.manipulator.transform-107.0.0] startup
[5.623s] [ext: omni.isaac.core-4.0.7] startup
2026-05-12T14:46:55Z [5,598ms] [Warning] [omni.isaac.core.physics_context.physics_context] omni.isaac.core.physics_context.physics_context has been deprecated in favor of isaacsim.core.api.physics_context.physics_context. Please update your code accordingly.
2026-05-12T14:46:55Z [5,598ms] [Warning] [omni.isaac.core.simulation_context.simulation_context] omni.isaac.core.simulation_context.simulation_context has been deprecated in favor of isaacsim.core.api.simulation_context.simulation_context. Please update your code accordingly.
2026-05-12T14:46:55Z [5,598ms] [Warning] [omni.isaac.core.world.world] omni.isaac.core.world.world has been deprecated in favor of isaacsim.core.api.world.world. Please update your code accordingly.
2026-05-12T14:46:55Z [5,598ms] [Warning] [omni.isaac.core] omni.isaac.core has been deprecated in favor of isaacsim.core.api. Please update your code accordingly.
[5.625s] [ext: omni.kit.scripting-107.3.2] startup
[5.630s] [ext: omni.kit.manipulator.tool.snap-1.5.13] startup
[5.634s] [ext: omni.kit.manipulator.selector-1.1.3] startup
[5.636s] [ext: isaacsim.app.about-2.0.11] startup
[5.640s] [ext: isaacsim.replicator.behavior-1.1.16] startup
[5.641s] [ext: omni.kit.viewport.manipulator.transform-107.0.4] startup
[5.643s] [ext: omni.isaac.window.about-2.0.7] startup
2026-05-12T14:46:55Z [5,618ms] [Warning] [omni.isaac.window.about] omni.isaac.window.about has been deprecated in favor of isaacsim.app.about. Please update your code accordingly.
2026-05-12T14:46:55Z [5,618ms] [Warning] [omni.isaac.window.about.about] omni.isaac.window.about.about has been deprecated in favor of isaacsim.app.about.about. Please update your code accordingly.
[5.644s] [ext: omni.fabric.commands-1.1.6] startup
[5.646s] [ext: omni.kit.manipulator.prim.core-107.0.8] startup
[5.650s] [ext: omni.kit.property.audio-1.0.16] startup
[5.652s] [ext: omni.kit.property.camera-1.0.10] startup
[5.653s] [ext: omni.kit.property.geometry-2.0.4] startup
[5.655s] [ext: omni.hydra.scene_api-0.1.2] startup
[5.659s] [ext: omni.kit.property.light-1.0.12] startup
[5.676s] [ext: omni.kit.manipulator.prim.fabric-107.0.4] startup
[5.678s] [ext: omni.kit.manipulator.prim.usd-107.0.3] startup
[5.679s] [ext: omni.kit.property.material-1.11.9] startup
[5.683s] [ext: omni.kit.property.render-1.2.1] startup
[5.684s] [ext: omni.kit.property.transform-1.5.13] startup
[5.687s] [ext: isaacsim.gui.property-1.1.3] startup
[5.689s] [ext: omni.kit.manipulator.camera-106.0.4] startup
[5.691s] [ext: omni.kit.manipulator.prim-107.0.0] startup
[5.692s] [ext: omni.isaac.surface_gripper-2.0.6] startup
2026-05-12T14:46:56Z [5,666ms] [Warning] [omni.isaac.surface_gripper] omni.isaac.surface_gripper has been deprecated in favor of isaacsim.robot.surface_gripper. Please update your code accordingly.
[5.692s] [ext: omni.kit.manipulator.selection-106.0.1] startup
[5.695s] [ext: omni.kit.property.bundle-1.4.1] startup
[5.696s] [ext: omni.kit.property.isaac-1.0.6] startup
2026-05-12T14:46:56Z [5,670ms] [Warning] [omni.kit.property.isaac] omni.kit.property.isaac has been deprecated in favor of isaacsim.gui.property. Please update your code accordingly.
2026-05-12T14:46:56Z [5,670ms] [Warning] [omni.kit.property.isaac.widgets] omni.kit.property.isaac.widgets has been deprecated in favor of isaacsim.gui.property.widgets. Please update your code accordingly.
[5.697s] [ext: omni.isaac.universal_robots-1.0.6] startup
2026-05-12T14:46:56Z [5,671ms] [Warning] [omni.isaac.universal_robots] omni.isaac.universal_robots has been deprecated in favor of isaacsim.robot.manipulators.examples.universal_robots. Please update your code accordingly.
2026-05-12T14:46:56Z [5,671ms] [Warning] [omni.isaac.universal_robots.kinematics_solver] omni.isaac.franka has been deprecated in favor of isaacsim.robot.manipulators.examples.universal_robots. Please update your code accordingly.
2026-05-12T14:46:56Z [5,672ms] [Warning] [omni.isaac.universal_robots.ur10] omni.isaac.franka has been deprecated in favor of isaacsim.robot.manipulators.examples.universal_robots. Please update your code accordingly.
[5.699s] [ext: omni.isaac.core_nodes-2.0.6] startup
2026-05-12T14:46:56Z [5,674ms] [Warning] [omni.isaac.core_nodes] omni.isaac.core_nodes has been deprecated in favor of isaacsim.core.nodes. Please update your code accordingly.
[5.701s] [ext: omni.kit.viewport.menubar.camera-107.0.6] startup
[5.706s] [ext: omni.kit.viewport.menubar.lighting-107.3.1] startup
[5.708s] [ext: isaacsim.replicator.writers-1.0.17] startup
[5.717s] [ext: omni.kit.viewport.menubar.render-107.0.10] startup
[5.721s] [ext: omni.kit.viewport.menubar.settings-107.0.3] startup
[5.725s] [ext: omni.kit.window.console-1.1.4] startup
[5.729s] [ext: isaacsim.replicator.domain_randomization-1.0.16] startup
[5.731s] [ext: isaacsim.replicator.examples-1.3.6] startup
[5.734s] [ext: omni.ocio-0.1.1] startup
[5.736s] [ext: omni.rtx.window.settings-0.6.19] startup
[5.742s] [ext: omni.kit.window.status_bar-0.1.9] startup
[5.750s] [ext: omni.kit.window.toolbar-2.0.0] startup
[5.757s] [ext: omni.replicator.isaac-2.0.8] startup
2026-05-12T14:46:56Z [5,732ms] [Warning] [omni.replicator.isaac] omni.replicator.isaac has been deprecated in favor of isaacsim.replicator.domain_randomization, isaacsim.replicator.examples, isaacsim.replicator.writers. Please update your code accordingly.
[5.760s] [ext: omni.replicator.replicator_yaml-2.0.11] startup
[5.788s] [ext: omni.rtx.settings.core-0.6.5] startup
[5.792s] [ext: omni.usd.metrics.assembler.ui-107.3.1] startup
[5.801s] [ext: omni.isaac.utils-2.0.6] startup
[5.802s] [ext: semantics.schema.editor-2.0.2] startup
[5.805s] [ext: omni.kit.ui.actions-1.0.5] startup
[5.806s] [ext: semantics.schema.property-2.0.1] startup
[5.808s] [ext: omni.isaac.version-2.0.7] startup
2026-05-12T14:46:56Z [5,782ms] [Warning] [omni.isaac.version] omni.isaac.version has been deprecated in favor of isaacsim.core.version. Please update your code accordingly.
[5.808s] [ext: omni.isaac.cortex-1.0.5] startup
[5.809s] [ext: omni.anim.curve.core-1.3.1] startup
[5.816s] [ext: isaacsim.core.throttling-2.2.2] startup
[5.818s] [ext: omni.kit.menu.common-2.0.1] startup
[5.819s] [ext: isaacsim.exp.base-5.1.0] startup
[5.820s] [ext: isaacsim.exp.base.python-5.1.0] startup
[5.821s] Simulation App Starting
2026-05-12T14:46:56Z [6,100ms] [Warning] [omni.fabric.plugin] Warning: attribute viewportHandle not found for bucket id 9

[6.218s] app ready

=== children of /World/Scene ===
  /World/Scene/Materials Scope
  /World/Scene/Table Xform
  /World/Scene/so101_robot_1 Xform
  /World/Scene/so101_robot_2 Xform
  /World/Scene/Conveyor Xform
  /World/Scene/BoxBase Cube
  /World/Scene/BoxFrontWall Cube
  /World/Scene/BoxBackWall Cube
  /World/Scene/BoxLeftWall Cube
  /World/Scene/BoxRightWall Cube
  /World/Scene/Sphere_Red Sphere
  /World/Scene/Box_SkyBlue Cube
  /World/Scene/Cylinder_Yellow Cylinder

[8.158s] Simulation App Startup Complete
2026-05-12T14:46:58Z [8,132ms] [Warning] [omni.isaac.core.articulations.articulation] omni.isaac.core.articulations.articulation.Articulation has been deprecated in favor of isaacsim.core.prims.SingleArticulation Please update your code accordingly.
2026-05-12T14:46:58Z [8,133ms] [Warning] [omni.isaac.core.articulations.articulation_gripper] omni.isaac.core.articulations.articulation_gripper has been deprecated in favor of isaacsim.core.api.articulations.articulation_gripper. Please update your code accordingly.
2026-05-12T14:46:58Z [8,133ms] [Warning] [omni.isaac.core.articulations.articulation_subset] omni.isaac.core.articulations.articulation_subset has been deprecated in favor of isaacsim.core.api.articulations.articulation_subset. Please update your code accordingly.
2026-05-12T14:46:58Z [8,133ms] [Warning] [omni.isaac.core.articulations.articulation_view] omni.isaac.core.articulations.articulation_view.ArticulationView has been deprecated in favor of isaacsim.core.prims.Articulation. Please update your code accordingly.
2026-05-12T14:46:58Z [8,133ms] [Warning] [omni.isaac.core.utils.stage] omni.isaac.core.utils.stage has been deprecated in favor of isaacsim.core.utils.stage. Please update your code accordingly.
2026-05-12T14:46:58Z [8,147ms] [Warning] [omni.usd] Warning: in _ReportErrors at line 3172 of /builds/omniverse/usd-ci/USD/pxr/usd/usd/stage.cpp -- In </World/Scene/so101_robot_2/gripper_frame_link/visuals>: Unresolved reference prim path @/home/delivery/isaac/isaac_so_arm101/isaac_so_arm101/src/isaac_so_arm101/robots/trs_so101/urdf/so_arm101/configuration/so_arm101_physics.usd@</visuals/gripper_frame_link> introduced by @/home/delivery/isaac/isaac_so_arm101/isaac_so_arm101/src/isaac_so_arm101/robots/trs_so101/urdf/so_arm101/configuration/so_arm101_base.usd@</so101_new_calib/gripper_frame_link/visuals> (recomposing stage on stage @anon:0x61c7a1b03af0:World0.usd@ <0x61c7a1d2a070>)

2026-05-12T14:46:58Z [8,147ms] [Warning] [omni.usd] Warning: in _ReportErrors at line 3172 of /builds/omniverse/usd-ci/USD/pxr/usd/usd/stage.cpp -- In </World/Scene/so101_robot_1/gripper_frame_link/visuals>: Unresolved reference prim path @/home/delivery/isaac/isaac_so_arm101/isaac_so_arm101/src/isaac_so_arm101/robots/trs_so101/urdf/so_arm101/configuration/so_arm101_physics.usd@</visuals/gripper_frame_link> introduced by @/home/delivery/isaac/isaac_so_arm101/isaac_so_arm101/src/isaac_so_arm101/robots/trs_so101/urdf/so_arm101/configuration/so_arm101_base.usd@</so101_new_calib/gripper_frame_link/visuals> (recomposing stage on stage @anon:0x61c7a1b03af0:World0.usd@ <0x61c7a1d2a070>)

2026-05-12T14:46:58Z [8,214ms] [Warning] [omni.fabric.plugin] getAttributeCount called on non-existent path /World/Scene/so101_robot_2/wrist_link/visuals/wrist_roll_pitch_so101_v2/node_STL_BINARY_
2026-05-12T14:46:58Z [8,214ms] [Warning] [omni.fabric.plugin] getTypes called on non-existent path /World/Scene/so101_robot_2/wrist_link/visuals/wrist_roll_pitch_so101_v2/node_STL_BINARY_
WARNING: Robot has the following self collisions in neutral position:
  -base_link_2 collides with shoulder_link_2
  -shoulder_link_0 collides with upper_arm_link_1
  -upper_arm_link_0 collides with lower_arm_link_0
  -lower_arm_link_2 collides with wrist_link_1
  -wrist_link_0 collides with gripper_link_1
  -gripper_link_0 collides with moving_jaw_so101_v1_link_0

=== Gripper frame at all-zero joints (in robot BASE frame) ===
Position: [ 0.3914 -0.      0.2265]
  gripper +x axis in base: [ 0.     0.049 -0.999]
  gripper +y axis in base: [-0.     0.999  0.049]
  gripper +z axis in base: [1. 0. 0.]

[target] sphere world = [-0.52499998 -0.085       0.85500002]
Step 1/4: hover above sphere
  IK: target joints (deg) = [-1.100e+02 -9.000e-02  5.067e+01 -5.477e+01  3.400e-01  0.000e+00]
Step 2/4: open gripper
Step 3/4: descend to sphere
  IK: target joints (deg) = [-1.100e+02 -1.297e+01  9.683e+01 -7.639e+01 -4.000e-02  1.700e-01]
Step 4/4: close gripper + lift
  IK: target joints (deg) = [-110.      3.01   96.83  -95.      7.11   57.27]
Done. Holding for 60 frames then closing.
[14.882s] Simulation App Shutting Down
